WARNING:tensorflow:From C:\Users\admin\.conda\envs\GRL_AoI_cpu37\lib\site-packages\tensorflow_core\python\compat\v2_compat.py:68: disable_resource_variables (from tensorflow.python.ops.variable_scope) is deprecated and will be removed in a future version.
Instructions for updating:
non-resource variables are not supported in the long term
WARNING:tensorflow:From D:\ZMF\2026Curvature\curvature-gossip\src\curvature_gossip\learning\ctde_ppo.py:262: dense (from tensorflow.python.layers.core) is deprecated and will be removed in a future version.
Instructions for updating:
Use keras.layers.Dense instead.
WARNING:tensorflow:From C:\Users\admin\.conda\envs\GRL_AoI_cpu37\lib\site-packages\tensorflow_core\python\layers\core.py:187: Layer.apply (from tensorflow.python.keras.engine.base_layer) is deprecated and will be removed in a future version.
Instructions for updating:
Please use `layer.__call__` method instead.
WARNING:tensorflow:From D:\ZMF\2026Curvature\curvature-gossip\src\curvature_gossip\learning\ctde_ppo.py:273: where (from tensorflow.python.ops.array_ops) is deprecated and will be removed in a future version.
Instructions for updating:
Use tf.where in 2.0, which has the same broadcast rule as np.where
WARNING:tensorflow:From D:\ZMF\2026Curvature\curvature-gossip\src\curvature_gossip\learning\ctde_ppo.py:305: Bernoulli.__init__ (from tensorflow.python.ops.distributions.bernoulli) is deprecated and will be removed after 2019-01-01.
Instructions for updating:
The TensorFlow Distributions library has moved to TensorFlow Probability (https://github.com/tensorflow/probability). You should update all references to use `tfp.distributions` instead of `tf.distributions`.
WARNING:tensorflow:From C:\Users\admin\.conda\envs\GRL_AoI_cpu37\lib\site-packages\tensorflow_core\python\ops\distributions\bernoulli.py:97: Distribution.__init__ (from tensorflow.python.ops.distributions.distribution) is deprecated and will be removed after 2019-01-01.
Instructions for updating:
The TensorFlow Distributions library has moved to TensorFlow Probability (https://github.com/tensorflow/probability). You should update all references to use `tfp.distributions` instead of `tf.distributions`.
2026-08-06 13:37:49.775745: I tensorflow/core/platform/cpu_feature_guard.cc:142] Your CPU supports instructions that this TensorFlow binary was not compiled to use: AVX2
Traceback (most recent call last):
  File "scripts/train_nn_ctde.py", line 25, in <module>
    main()
  File "scripts/train_nn_ctde.py", line 20, in main
    output = train_ctde(args.config)
  File "D:\ZMF\2026Curvature\curvature-gossip\src\curvature_gossip\learning\trainer.py", line 840, in train_ctde
    run_validation(completed_episodes, "episode_{:06d}".format(completed_episodes))
  File "D:\ZMF\2026Curvature\curvature-gossip\src\curvature_gossip\learning\trainer.py", line 521, in run_validation
    model, raw, checkpoint_episode, checkpoint_label
  File "D:\ZMF\2026Curvature\curvature-gossip\src\curvature_gossip\learning\validation.py", line 327, in evaluate_fixed_validation
    all_probabilities = np.concatenate(nn_probability_matrices, axis=0)
  File "<__array_function__ internals>", line 6, in concatenate
ValueError: all the input array dimensions for the concatenation axis must match exactly, but along dimension 1, the array at index 0 has size 80 and the array at index 1 has size 90
ERROR conda.cli.main_run:execute(142): `conda run python scripts/train_nn_ctde.py --config configs/GNN/mpnnV3.2_ch1_cross_n80_120.yaml` failed. (See above for error)
